GAS LISTING /tmp/ccIMFxGa.s 			page 1


   1               		.file	"mainsreq.c"
   2               	__SP_H__ = 0x3e
   3               	__SP_L__ = 0x3d
   4               	__SREG__ = 0x3f
   5               	__tmp_reg__ = 0
   6               	__zero_reg__ = 1
   7               		.stabs	"/home/kaicho/Southampton/sotond5/sotond5/mainsreq/",100,0,2,.Ltext0
   8               		.stabs	"mainsreq.c",100,0,2,.Ltext0
   9               		.text
  10               	.Ltext0:
  11               		.stabs	"gcc2_compiled.",60,0,0,0
  12               		.stabs	"init_PWM:F(0,1)=(0,1)",36,0,5,init_PWM
  13               		.stabs	"uint8_t:t(0,2)=(0,3)=@s8;r(0,3);0;255;",128,0,126,0
  14               		.stabs	"void:t(0,1)",128,0,0,0
  15               		.stabs	"unsigned char:t(0,3)",128,0,0,0
  16               	.global	init_PWM
  17               		.type	init_PWM, @function
  18               	init_PWM:
   1:mainsreq.c    **** #include "mainsreq.h"
   2:mainsreq.c    **** #include <avr/interrupt.h>
   3:mainsreq.c    **** 
   4:mainsreq.c    **** //PWM-----------------------------------------------------
   5:mainsreq.c    **** void init_PWM(void)
   6:mainsreq.c    **** {
  19               		.stabn	68,0,6,.LM0-.LFBB1
  20               	.LM0:
  21               	.LFBB1:
  22               	/* prologue: function */
  23               	/* frame size = 0 */
  24               	/* stack size = 0 */
  25               	.L__stack_usage = 0
   7:mainsreq.c    **** 	DDRD |= _BV(PD5);
  26               		.stabn	68,0,7,.LM1-.LFBB1
  27               	.LM1:
  28 0000 559A      		sbi 0xa,5
   8:mainsreq.c    **** 	TCCR1A = _BV(COM1A1)|_BV(WGM10)|_BV(WGM12);
  29               		.stabn	68,0,8,.LM2-.LFBB1
  30               	.LM2:
  31 0002 89E8      		ldi r24,lo8(-119)
  32 0004 8093 8000 		sts 128,r24
   9:mainsreq.c    **** 	//  Fast PWM
  10:mainsreq.c    **** 	TCCR1B = _BV(CS10);
  33               		.stabn	68,0,10,.LM3-.LFBB1
  34               	.LM3:
  35 0008 81E0      		ldi r24,lo8(1)
  36 000a 8093 8100 		sts 129,r24
  37               	/* epilogue start */
  11:mainsreq.c    **** }
  38               		.stabn	68,0,11,.LM4-.LFBB1
  39               	.LM4:
  40 000e 0895      		ret
  41               		.size	init_PWM, .-init_PWM
  42               	.Lscope1:
  43               		.stabs	"",36,0,0,.Lscope1-.LFBB1
  44               		.stabs	"PWM:F(0,1)",36,0,13,PWM
  45               		.stabs	"uint16_t:t(0,4)=(0,5)=r(0,5);0;0177777;",128,0,128,0
  46               		.stabs	"unsigned int:t(0,5)",128,0,0,0
GAS LISTING /tmp/ccIMFxGa.s 			page 2


  47               		.stabs	"duty_cycle:P(0,2)",64,0,13,24
  48               	.global	PWM
  49               		.type	PWM, @function
  50               	PWM:
  12:mainsreq.c    **** 
  13:mainsreq.c    **** void PWM(uint8_t duty_cycle)
  14:mainsreq.c    **** {
  51               		.stabn	68,0,14,.LM5-.LFBB2
  52               	.LM5:
  53               	.LFBB2:
  54               	/* prologue: function */
  55               	/* frame size = 0 */
  56               	/* stack size = 0 */
  57               	.L__stack_usage = 0
  15:mainsreq.c    ****     OCR1A = (uint8_t) duty_cycle;
  58               		.stabn	68,0,15,.LM6-.LFBB2
  59               	.LM6:
  60 0010 90E0      		ldi r25,0
  61               		.stabn	68,0,15,.LM7-.LFBB2
  62               	.LM7:
  63 0012 9093 8900 		sts 136+1,r25
  64 0016 8093 8800 		sts 136,r24
  65               	/* epilogue start */
  16:mainsreq.c    **** }
  66               		.stabn	68,0,16,.LM8-.LFBB2
  67               	.LM8:
  68 001a 0895      		ret
  69               		.size	PWM, .-PWM
  70               	.Lscope2:
  71               		.stabs	"",36,0,0,.Lscope2-.LFBB2
  72               		.stabs	"",100,0,0,.Letext0
  73               	.Letext0:
  74               		.ident	"GCC: (GNU) 11.2.0"
GAS LISTING /tmp/ccIMFxGa.s 			page 3


DEFINED SYMBOLS
                            *ABS*:0000000000000000 mainsreq.c
     /tmp/ccIMFxGa.s:2      *ABS*:000000000000003e __SP_H__
     /tmp/ccIMFxGa.s:3      *ABS*:000000000000003d __SP_L__
     /tmp/ccIMFxGa.s:4      *ABS*:000000000000003f __SREG__
     /tmp/ccIMFxGa.s:5      *ABS*:0000000000000000 __tmp_reg__
     /tmp/ccIMFxGa.s:6      *ABS*:0000000000000001 __zero_reg__
     /tmp/ccIMFxGa.s:18     .text:0000000000000000 init_PWM
     /tmp/ccIMFxGa.s:50     .text:0000000000000010 PWM

NO UNDEFINED SYMBOLS
