GAS LISTING /tmp/cc5jDPxi.s 			page 1


   1               		.file	"io.c"
   2               	__SP_H__ = 0x3e
   3               	__SP_L__ = 0x3d
   4               	__SREG__ = 0x3f
   5               	__tmp_reg__ = 0
   6               	__zero_reg__ = 1
   7               		.stabs	"/home/kaicho/Southampton/sotond5/sotond5/libio/",100,0,2,.Ltext0
   8               		.stabs	"io.c",100,0,2,.Ltext0
   9               		.text
  10               	.Ltext0:
  11               		.stabs	"gcc2_compiled.",60,0,0,0
  12               		.stabs	"init_io:F(0,1)=(0,1)",36,0,20,init_io
  13               		.stabs	"uint8_t:t(0,2)=(0,3)=@s8;r(0,3);0;255;",128,0,126,0
  14               		.stabs	"void:t(0,1)",128,0,0,0
  15               		.stabs	"unsigned char:t(0,3)",128,0,0,0
  16               	.global	init_io
  17               		.type	init_io, @function
  18               	init_io:
   1:io.c          **** #include <avr/io.h>
   2:io.c          **** #include "io.h"
   3:io.c          **** 
   4:io.c          **** /*
   5:io.c          ****  * 1_1  PD5 PWM     OUT
   6:io.c          ****  * 2_1  PA3 ANALOG  IN
   7:io.c          ****  * 2_2  PA4 ANALOG  IN
   8:io.c          ****  * 2_3  PA5 ANALOG  IN
   9:io.c          ****  * 2_4  PA6 ANALOG  IN
  10:io.c          ****  * 3_1  PD0 DIGITAL OUT CBAT
  11:io.c          ****  * 3_2  PD1 DIGITAL OUT DBAT
  12:io.c          ****  * 3_3  PD2 DIGITAL OUT LS1
  13:io.c          ****  * 3_4  PD3 DIGITAL OUT LS2
  14:io.c          ****  * 3_5  PA7 DIGITAL OUT LS3
  15:io.c          ****  * 4_1  PA0 DIGITAL IN  LC1
  16:io.c          ****  * 4_2  PA1 DIGITAL IN  LC2 
  17:io.c          ****  * 4_3  PA2 DIGITAL IN  LC3
  18:io.c          ****  */
  19:io.c          **** 
  20:io.c          **** void init_io()
  21:io.c          **** {
  19               		.stabn	68,0,21,.LM0-.LFBB1
  20               	.LM0:
  21               	.LFBB1:
  22               	/* prologue: function */
  23               	/* frame size = 0 */
  24               	/* stack size = 0 */
  25               	.L__stack_usage = 0
  22:io.c          ****     DDRD |= _BV(PD5);
  26               		.stabn	68,0,22,.LM1-.LFBB1
  27               	.LM1:
  28 0000 559A      		sbi 0xa,5
  23:io.c          ****     DDRA &= ~_BV(PA3);
  29               		.stabn	68,0,23,.LM2-.LFBB1
  30               	.LM2:
  31 0002 0B98      		cbi 0x1,3
  24:io.c          ****     DDRA &= ~_BV(PA4);
  32               		.stabn	68,0,24,.LM3-.LFBB1
  33               	.LM3:
GAS LISTING /tmp/cc5jDPxi.s 			page 2


  34 0004 0C98      		cbi 0x1,4
  25:io.c          ****     DDRA &= ~_BV(PA5);
  35               		.stabn	68,0,25,.LM4-.LFBB1
  36               	.LM4:
  37 0006 0D98      		cbi 0x1,5
  26:io.c          ****     DDRA &= ~_BV(PA6);
  38               		.stabn	68,0,26,.LM5-.LFBB1
  39               	.LM5:
  40 0008 0E98      		cbi 0x1,6
  27:io.c          ****     DDRD |= _BV(PD0);
  41               		.stabn	68,0,27,.LM6-.LFBB1
  42               	.LM6:
  43 000a 509A      		sbi 0xa,0
  28:io.c          ****     DDRD |= _BV(PD1);
  44               		.stabn	68,0,28,.LM7-.LFBB1
  45               	.LM7:
  46 000c 519A      		sbi 0xa,1
  29:io.c          ****     DDRD |= _BV(PD2);
  47               		.stabn	68,0,29,.LM8-.LFBB1
  48               	.LM8:
  49 000e 529A      		sbi 0xa,2
  30:io.c          ****     DDRD |= _BV(PD3);
  50               		.stabn	68,0,30,.LM9-.LFBB1
  51               	.LM9:
  52 0010 539A      		sbi 0xa,3
  31:io.c          ****     DDRA |= _BV(PA7);
  53               		.stabn	68,0,31,.LM10-.LFBB1
  54               	.LM10:
  55 0012 0F9A      		sbi 0x1,7
  32:io.c          ****     DDRA &= ~_BV(PA0);
  56               		.stabn	68,0,32,.LM11-.LFBB1
  57               	.LM11:
  58 0014 0898      		cbi 0x1,0
  33:io.c          ****     DDRA &= ~_BV(PA1);
  59               		.stabn	68,0,33,.LM12-.LFBB1
  60               	.LM12:
  61 0016 0998      		cbi 0x1,1
  34:io.c          ****     DDRA &= ~_BV(PA2);
  62               		.stabn	68,0,34,.LM13-.LFBB1
  63               	.LM13:
  64 0018 0A98      		cbi 0x1,2
  35:io.c          ****     PORTA = 0x00;
  65               		.stabn	68,0,35,.LM14-.LFBB1
  66               	.LM14:
  67 001a 12B8      		out 0x2,__zero_reg__
  68               	/* epilogue start */
  36:io.c          **** }
  69               		.stabn	68,0,36,.LM15-.LFBB1
  70               	.LM15:
  71 001c 0895      		ret
  72               		.size	init_io, .-init_io
  73               	.Lscope1:
  74               		.stabs	"",36,0,0,.Lscope1-.LFBB1
  75               		.stabs	"",100,0,0,.Letext0
  76               	.Letext0:
  77               		.ident	"GCC: (GNU) 11.2.0"
GAS LISTING /tmp/cc5jDPxi.s 			page 3


DEFINED SYMBOLS
                            *ABS*:0000000000000000 io.c
     /tmp/cc5jDPxi.s:2      *ABS*:000000000000003e __SP_H__
     /tmp/cc5jDPxi.s:3      *ABS*:000000000000003d __SP_L__
     /tmp/cc5jDPxi.s:4      *ABS*:000000000000003f __SREG__
     /tmp/cc5jDPxi.s:5      *ABS*:0000000000000000 __tmp_reg__
     /tmp/cc5jDPxi.s:6      *ABS*:0000000000000001 __zero_reg__
     /tmp/cc5jDPxi.s:18     .text:0000000000000000 init_io

NO UNDEFINED SYMBOLS
